// Jest Snapshot v1, https://goo.gl/fbAQLP

exports[`Header snapshot match: header-snapshot 1`] = `
<DocumentFragment>
  <div
    class="MuiBox-root css-0"
  >
    <header
      class="MuiPaper-root MuiPaper-elevation MuiPaper-elevation4 MuiAppBar-root MuiAppBar-colorPrimary MuiAppBar-positionStatic css-hip9hq-MuiPaper-root-MuiAppBar-root"
    >
      <div
        class="MuiToolbar-root MuiToolbar-gutters MuiToolbar-regular toolbar css-hyum1k-MuiToolbar-root"
      >
        <a
          class="link logo"
          href="/"
        >
          <svg
            aria-hidden="true"
            class="MuiSvgIcon-root MuiSvgIcon-fontSizeMedium css-elhp89-MuiSvgIcon-root"
            data-testid="RamenDiningIcon"
            focusable="false"
            viewBox="0 0 24 24"
          >
            <path
              d="M9 6H8V4.65l1-.12zm0 6H8V7h1zM6 7h1v5H6zm0-2.12 1-.12V6H6zM22 3V2L5 4v8H2c0 3.69 2.47 6.86 6 8.25V22h8v-1.75c3.53-1.39 6-4.56 6-8.25H10V7h12V6H10V4.41z"
            />
          </svg>
          <h6
            class="MuiTypography-root MuiTypography-h6 MuiTypography-noWrap css-m5x0z-MuiTypography-root"
          >
            FOOD STORE
          </h6>
        </a>
        <div
          class="bar"
        >
          <div
            class="MuiBox-root css-1lvtzne"
          >
            <button
              aria-controls="menu-appbar"
              aria-haspopup="true"
              aria-label="account of current user"
              class="MuiButtonBase-root MuiIconButton-root MuiIconButton-colorInherit MuiIconButton-sizeLarge css-1pz7awu-MuiButtonBase-root-MuiIconButton-root"
              data-mui-internal-clone-element="true"
              tabindex="0"
              type="button"
            >
              <svg
                aria-hidden="true"
                class="MuiSvgIcon-root MuiSvgIcon-fontSizeMedium css-i4bv87-MuiSvgIcon-root"
                data-testid="MenuIcon"
                focusable="false"
                viewBox="0 0 24 24"
              >
                <path
                  d="M3 18h18v-2H3zm0-5h18v-2H3zm0-7v2h18V6z"
                />
              </svg>
              <span
                class="MuiTouchRipple-root css-8je8zh-MuiTouchRipple-root"
              />
            </button>
          </div>
          <div
            class="MuiBox-root css-uwxyu2"
          >
            <a
              class="link"
              href="/"
              role="navigation"
            >
              <button
                class="MuiButtonBase-root MuiButton-root MuiButton-contained MuiButton-containedWarning MuiButton-sizeSmall MuiButton-containedSizeSmall MuiButton-colorWarning MuiButton-root MuiButton-contained MuiButton-containedWarning MuiButton-sizeSmall MuiButton-containedSizeSmall MuiButton-colorWarning css-n98s6m-MuiButtonBase-root-MuiButton-root"
                tabindex="0"
                type="button"
              >
                Home
                <span
                  class="MuiTouchRipple-root css-8je8zh-MuiTouchRipple-root"
                />
              </button>
            </a>
            <a
              class="link"
              href="/catalog"
              role="navigation"
            >
              <button
                class="MuiButtonBase-root MuiButton-root MuiButton-contained MuiButton-containedPrimary MuiButton-sizeSmall MuiButton-containedSizeSmall MuiButton-colorPrimary MuiButton-root MuiButton-contained MuiButton-containedPrimary MuiButton-sizeSmall MuiButton-containedSizeSmall MuiButton-colorPrimary css-16dcpmj-MuiButtonBase-root-MuiButton-root"
                tabindex="0"
                type="button"
              >
                Catalog
                <span
                  class="MuiTouchRipple-root css-8je8zh-MuiTouchRipple-root"
                />
              </button>
            </a>
            <a
              class="link"
              href="/cart"
              role="navigation"
            >
              <button
                class="MuiButtonBase-root MuiButton-root MuiButton-contained MuiButton-containedPrimary MuiButton-sizeSmall MuiButton-containedSizeSmall MuiButton-colorPrimary MuiButton-root MuiButton-contained MuiButton-containedPrimary MuiButton-sizeSmall MuiButton-containedSizeSmall MuiButton-colorPrimary css-16dcpmj-MuiButtonBase-root-MuiButton-root"
                tabindex="0"
                type="button"
              >
                Cart
                <span
                  class="MuiTouchRipple-root css-8je8zh-MuiTouchRipple-root"
                />
              </button>
            </a>
            <a
              class="link"
              href="/about"
              role="navigation"
            >
              <button
                class="MuiButtonBase-root MuiButton-root MuiButton-contained MuiButton-containedPrimary MuiButton-sizeSmall MuiButton-containedSizeSmall MuiButton-colorPrimary MuiButton-root MuiButton-contained MuiButton-containedPrimary MuiButton-sizeSmall MuiButton-containedSizeSmall MuiButton-colorPrimary css-16dcpmj-MuiButtonBase-root-MuiButton-root"
                tabindex="0"
                type="button"
              >
                About
                <span
                  class="MuiTouchRipple-root css-8je8zh-MuiTouchRipple-root"
                />
              </button>
            </a>
            <a
              class="link"
              href="/404"
              role="navigation"
            >
              <button
                class="MuiButtonBase-root MuiButton-root MuiButton-contained MuiButton-containedPrimary MuiButton-sizeSmall MuiButton-containedSizeSmall MuiButton-colorPrimary MuiButton-root MuiButton-contained MuiButton-containedPrimary MuiButton-sizeSmall MuiButton-containedSizeSmall MuiButton-colorPrimary css-16dcpmj-MuiButtonBase-root-MuiButton-root"
                tabindex="0"
                type="button"
              >
                404
                <span
                  class="MuiTouchRipple-root css-8je8zh-MuiTouchRipple-root"
                />
              </button>
            </a>
            <a
              class="link"
              href="/product"
              role="navigation"
            >
              <button
                class="MuiButtonBase-root MuiButton-root MuiButton-contained MuiButton-containedPrimary MuiButton-sizeSmall MuiButton-containedSizeSmall MuiButton-colorPrimary MuiButton-root MuiButton-contained MuiButton-containedPrimary MuiButton-sizeSmall MuiButton-containedSizeSmall MuiButton-colorPrimary css-16dcpmj-MuiButtonBase-root-MuiButton-root"
                tabindex="0"
                type="button"
              >
                Product
                <span
                  class="MuiTouchRipple-root css-8je8zh-MuiTouchRipple-root"
                />
              </button>
            </a>
            <a
              class="link"
              href="/profile"
              role="navigation"
            >
              <button
                class="MuiButtonBase-root MuiButton-root MuiButton-contained MuiButton-containedPrimary MuiButton-sizeSmall MuiButton-containedSizeSmall MuiButton-colorPrimary MuiButton-root MuiButton-contained MuiButton-containedPrimary MuiButton-sizeSmall MuiButton-containedSizeSmall MuiButton-colorPrimary css-16dcpmj-MuiButtonBase-root-MuiButton-root"
                tabindex="0"
                type="button"
              >
                Profile
                <span
                  class="MuiTouchRipple-root css-8je8zh-MuiTouchRipple-root"
                />
              </button>
            </a>
            <a
              class="link"
              href="/error"
              role="navigation"
            >
              <button
                class="MuiButtonBase-root MuiButton-root MuiButton-contained MuiButton-containedPrimary MuiButton-sizeSmall MuiButton-containedSizeSmall MuiButton-colorPrimary MuiButton-root MuiButton-contained MuiButton-containedPrimary MuiButton-sizeSmall MuiButton-containedSizeSmall MuiButton-colorPrimary css-16dcpmj-MuiButtonBase-root-MuiButton-root"
                tabindex="0"
                type="button"
              >
                Error
                <span
                  class="MuiTouchRipple-root css-8je8zh-MuiTouchRipple-root"
                />
              </button>
            </a>
          </div>
        </div>
        <div
          class="bar"
        >
          <a
            class="link"
            href="/sign-in"
          >
            <button
              class="MuiButtonBase-root MuiButton-root MuiButton-outlined MuiButton-outlinedInherit MuiButton-sizeSmall MuiButton-outlinedSizeSmall MuiButton-colorInherit MuiButton-root MuiButton-outlined MuiButton-outlinedInherit MuiButton-sizeSmall MuiButton-outlinedSizeSmall MuiButton-colorInherit css-1pc4atw-MuiButtonBase-root-MuiButton-root"
              tabindex="0"
              type="button"
            >
              sign in
              <span
                class="MuiTouchRipple-root css-8je8zh-MuiTouchRipple-root"
              />
            </button>
            <button
              aria-label="sign in"
              class="MuiButtonBase-root MuiIconButton-root MuiIconButton-colorInherit MuiIconButton-sizeMedium css-1mkg4h0-MuiButtonBase-root-MuiIconButton-root"
              data-mui-internal-clone-element="true"
              tabindex="0"
              type="button"
            >
              <svg
                aria-hidden="true"
                class="MuiSvgIcon-root MuiSvgIcon-fontSizeMedium css-i4bv87-MuiSvgIcon-root"
                data-testid="LoginIcon"
                focusable="false"
                viewBox="0 0 24 24"
              >
                <path
                  d="M11 7 9.6 8.4l2.6 2.6H2v2h10.2l-2.6 2.6L11 17l5-5zm9 12h-8v2h8c1.1 0 2-.9 2-2V5c0-1.1-.9-2-2-2h-8v2h8z"
                />
              </svg>
              <span
                class="MuiTouchRipple-root css-8je8zh-MuiTouchRipple-root"
              />
            </button>
          </a>
          <div
            class="MuiTypography-root MuiTypography-body1 css-11g0gs6-MuiTypography-root"
          >
            or
          </div>
          <a
            class="link"
            href="/sign-up"
          >
            <button
              class="MuiButtonBase-root MuiButton-root MuiButton-outlined MuiButton-outlinedInherit MuiButton-sizeSmall MuiButton-outlinedSizeSmall MuiButton-colorInherit MuiButton-root MuiButton-outlined MuiButton-outlinedInherit MuiButton-sizeSmall MuiButton-outlinedSizeSmall MuiButton-colorInherit css-1pc4atw-MuiButtonBase-root-MuiButton-root"
              tabindex="0"
              type="button"
            >
              register
              <span
                class="MuiTouchRipple-root css-8je8zh-MuiTouchRipple-root"
              />
            </button>
            <button
              aria-label="sign up"
              class="MuiButtonBase-root MuiIconButton-root MuiIconButton-colorInherit MuiIconButton-sizeMedium css-1mkg4h0-MuiButtonBase-root-MuiIconButton-root"
              data-mui-internal-clone-element="true"
              tabindex="0"
              type="button"
            >
              <svg
                aria-hidden="true"
                class="MuiSvgIcon-root MuiSvgIcon-fontSizeMedium css-i4bv87-MuiSvgIcon-root"
                data-testid="HowToRegIcon"
                focusable="false"
                viewBox="0 0 24 24"
              >
                <path
                  d="m9 17 3-2.94c-.39-.04-.68-.06-1-.06-2.67 0-8 1.34-8 4v2h9zm2-5c2.21 0 4-1.79 4-4s-1.79-4-4-4-4 1.79-4 4 1.79 4 4 4m4.47 8.5L12 17l1.4-1.41 2.07 2.08 5.13-5.17 1.4 1.41z"
                  fill-rule="evenodd"
                />
              </svg>
              <span
                class="MuiTouchRipple-root css-8je8zh-MuiTouchRipple-root"
              />
            </button>
          </a>
        </div>
        <a
          class="link cart"
          href="/cart"
        >
          <button
            aria-label="cart"
            class="MuiButtonBase-root MuiIconButton-root MuiIconButton-colorInherit MuiIconButton-sizeMedium css-zylse7-MuiButtonBase-root-MuiIconButton-root"
            data-mui-internal-clone-element="true"
            tabindex="0"
            type="button"
          >
            <svg
              aria-hidden="true"
              class="MuiSvgIcon-root MuiSvgIcon-fontSizeMedium css-i4bv87-MuiSvgIcon-root"
              data-testid="ShoppingCartIcon"
              focusable="false"
              viewBox="0 0 24 24"
            >
              <path
                d="M7 18c-1.1 0-1.99.9-1.99 2S5.9 22 7 22s2-.9 2-2-.9-2-2-2M1 2v2h2l3.6 7.59-1.35 2.45c-.16.28-.25.61-.25.96 0 1.1.9 2 2 2h12v-2H7.42c-.14 0-.25-.11-.25-.25l.03-.12.9-1.63h7.45c.75 0 1.41-.41 1.75-1.03l3.58-6.49c.08-.14.12-.31.12-.48 0-.55-.45-1-1-1H5.21l-.94-2zm16 16c-1.1 0-1.99.9-1.99 2s.89 2 1.99 2 2-.9 2-2-.9-2-2-2"
              />
            </svg>
            <span
              class="MuiTouchRipple-root css-8je8zh-MuiTouchRipple-root"
            />
          </button>
        </a>
      </div>
    </header>
  </div>
</DocumentFragment>
`;
